// Vitest Snapshot v1, https://vitest.dev/guide/snapshot.html

exports[`lex > lexes the input 1`] = `
[
  {
    "range": [
      0,
      3,
    ],
    "type": "identifier",
    "value": "foo",
  },
  {
    "range": [
      3,
      4,
    ],
    "type": "ws",
    "value": " ",
  },
  {
    "range": [
      4,
      7,
    ],
    "type": "keyword",
    "value": "equ",
  },
  {
    "range": [
      7,
      8,
    ],
    "type": "ws",
    "value": " ",
  },
  {
    "range": [
      8,
      12,
    ],
    "type": "numeric",
    "value": {
      "format": "hex",
      "value": 100,
    },
  },
  {
    "range": [
      12,
      13,
    ],
    "type": "ws",
    "value": " ",
  },
  {
    "range": [
      13,
      22,
    ],
    "type": "comment",
    "value": " comment",
  },
]
`;
